<html>
<body>
<pre>
<h1>µVision Build Log</h1>
<h2>Project:</h2>
D:\EmbeddedSoftwareLab\EmbeddedSoftware\lab5\lab5.uvproj
Project File Date:  02/09/2019

<h2>Output:</h2>
Rebuild target 'Target 1'
assembling startup_stm32f30x.s...
compiling system_stm32f30x.c...
compiling main.c...
compiling stm32f3_Button.c...
compiling stm32f3_Exec.c...
compiling stm32f3_GeneralTimer2.c...
compiling stm32f3_LEDS.c...
compiling stm32f3_Tools.c...
linking...
Program Size: Code=1520 RO-data=424 RW-data=24 ZI-data=1632  
".\lab5.axf" - 0 Error(s), 0 Warning(s).
Load "D:\\EmbeddedSoftwareLab\\EmbeddedSoftware\\lab5\\lab5.axf" 
Erase Done.
Programming Done.
Verify OK.
Clean started: Project: 'lab5'
   deleting intermediate output files for target 'Target 1'
on, 0 warning and 5 error messages.
".\lab5.axf" - 5 Error(s), 0 Warning(s).
Target not created
Clean started: Project: 'lab5'
   deleting intermediate output files for target 'Target 1'
